Analyzing guia_start...                                         

   info - The type parameter name 'Type' matches a visible type name - lib\core\usecases\usecase.dart:8:24 - avoid_types_as_parameter_names
   info - Angle brackets will be interpreted as HTML - lib\data\datasources\firestore_datasource.dart:9:18 - unintended_html_in_doc_comment
  error - The name 'AuthWrapper' isn't a class - lib\main.dart:43:21 - creation_with_non_type
   info - Don't use 'BuildContext's across async gaps - lib\presentation\screens\auth\login_screen.dart:50:28 - use_build_context_synchronously

